Archive member included to satisfy reference by file (symbol)

/home/blackhand/gcc-arm-none-eabi-7-2018-q2-update/bin/../lib/gcc/arm-none-eabi/7.3.1/../../../../arm-none-eabi/lib/thumb/v6-m/libc_nano.a(lib_a-exit.o)
                              /home/blackhand/gcc-arm-none-eabi-7-2018-q2-update/bin/../lib/gcc/arm-none-eabi/7.3.1/../../../../arm-none-eabi/lib/thumb/v6-m/crt0.o (exit)
/home/blackhand/gcc-arm-none-eabi-7-2018-q2-update/bin/../lib/gcc/arm-none-eabi/7.3.1/../../../../arm-none-eabi/lib/thumb/v6-m/libc_nano.a(lib_a-impure.o)
                              /home/blackhand/gcc-arm-none-eabi-7-2018-q2-update/bin/../lib/gcc/arm-none-eabi/7.3.1/../../../../arm-none-eabi/lib/thumb/v6-m/libc_nano.a(lib_a-exit.o) (_global_impure_ptr)
/home/blackhand/gcc-arm-none-eabi-7-2018-q2-update/bin/../lib/gcc/arm-none-eabi/7.3.1/../../../../arm-none-eabi/lib/thumb/v6-m/libc_nano.a(lib_a-init.o)
                              /home/blackhand/gcc-arm-none-eabi-7-2018-q2-update/bin/../lib/gcc/arm-none-eabi/7.3.1/../../../../arm-none-eabi/lib/thumb/v6-m/crt0.o (__libc_init_array)
/home/blackhand/gcc-arm-none-eabi-7-2018-q2-update/bin/../lib/gcc/arm-none-eabi/7.3.1/../../../../arm-none-eabi/lib/thumb/v6-m/libc_nano.a(lib_a-memset.o)
                              /home/blackhand/gcc-arm-none-eabi-7-2018-q2-update/bin/../lib/gcc/arm-none-eabi/7.3.1/../../../../arm-none-eabi/lib/thumb/v6-m/crt0.o (memset)
/home/blackhand/gcc-arm-none-eabi-7-2018-q2-update/bin/../lib/gcc/arm-none-eabi/7.3.1/thumb/v6-m/libgcc.a(_udivsi3.o)
                              CMakeFiles/WaterLevelNode.dir/Drivers/STM32L0xx_HAL_Driver/Src/stm32l0xx_hal.c.obj (__aeabi_uidiv)
/home/blackhand/gcc-arm-none-eabi-7-2018-q2-update/bin/../lib/gcc/arm-none-eabi/7.3.1/thumb/v6-m/libgcc.a(_dvmd_tls.o)
                              /home/blackhand/gcc-arm-none-eabi-7-2018-q2-update/bin/../lib/gcc/arm-none-eabi/7.3.1/thumb/v6-m/libgcc.a(_udivsi3.o) (__aeabi_idiv0)
/home/blackhand/gcc-arm-none-eabi-7-2018-q2-update/bin/../lib/gcc/arm-none-eabi/7.3.1/thumb/v6-m/libgcc.a(_aeabi_uldivmod.o)
                              CMakeFiles/WaterLevelNode.dir/Drivers/STM32L0xx_HAL_Driver/Src/stm32l0xx_hal_rcc.c.obj (__aeabi_uldivmod)
/home/blackhand/gcc-arm-none-eabi-7-2018-q2-update/bin/../lib/gcc/arm-none-eabi/7.3.1/thumb/v6-m/libgcc.a(_muldi3.o)
                              CMakeFiles/WaterLevelNode.dir/Drivers/STM32L0xx_HAL_Driver/Src/stm32l0xx_hal_rcc.c.obj (__aeabi_lmul)
/home/blackhand/gcc-arm-none-eabi-7-2018-q2-update/bin/../lib/gcc/arm-none-eabi/7.3.1/thumb/v6-m/libgcc.a(_udivmoddi4.o)
                              /home/blackhand/gcc-arm-none-eabi-7-2018-q2-update/bin/../lib/gcc/arm-none-eabi/7.3.1/thumb/v6-m/libgcc.a(_aeabi_uldivmod.o) (__udivmoddi4)
/home/blackhand/gcc-arm-none-eabi-7-2018-q2-update/bin/../lib/gcc/arm-none-eabi/7.3.1/thumb/v6-m/libgcc.a(_clzdi2.o)
                              /home/blackhand/gcc-arm-none-eabi-7-2018-q2-update/bin/../lib/gcc/arm-none-eabi/7.3.1/thumb/v6-m/libgcc.a(_udivmoddi4.o) (__clzdi2)
/home/blackhand/gcc-arm-none-eabi-7-2018-q2-update/bin/../lib/gcc/arm-none-eabi/7.3.1/thumb/v6-m/libgcc.a(_clzsi2.o)
                              /home/blackhand/gcc-arm-none-eabi-7-2018-q2-update/bin/../lib/gcc/arm-none-eabi/7.3.1/thumb/v6-m/libgcc.a(_clzdi2.o) (__clzsi2)
/home/blackhand/gcc-arm-none-eabi-7-2018-q2-update/bin/../lib/gcc/arm-none-eabi/7.3.1/../../../../arm-none-eabi/lib/thumb/v6-m/libg_nano.a(lib_a-errno.o)
                              CMakeFiles/WaterLevelNode.dir/Core/Src/sysmem.c.obj (__errno)

Allocating common symbols
Common symbol       size              file

hi2c1               0x54              CMakeFiles/WaterLevelNode.dir/Core/Src/i2c.c.obj
uwTick              0x4               CMakeFiles/WaterLevelNode.dir/Drivers/STM32L0xx_HAL_Driver/Src/stm32l0xx_hal.c.obj
pFlash              0x18              CMakeFiles/WaterLevelNode.dir/Drivers/STM32L0xx_HAL_Driver/Src/stm32l0xx_hal_flash.c.obj
hlpuart1            0x88              CMakeFiles/WaterLevelNode.dir/Core/Src/usart.c.obj
huart1              0x88              CMakeFiles/WaterLevelNode.dir/Core/Src/usart.c.obj
htim2               0x40              CMakeFiles/WaterLevelNode.dir/Core/Src/tim.c.obj

Discarded input sections

 .text          0x0000000000000000        0x0 /home/blackhand/gcc-arm-none-eabi-7-2018-q2-update/bin/../lib/gcc/arm-none-eabi/7.3.1/thumb/v6-m/crti.o
 .data          0x0000000000000000        0x0 /home/blackhand/gcc-arm-none-eabi-7-2018-q2-update/bin/../lib/gcc/arm-none-eabi/7.3.1/thumb/v6-m/crti.o
 .bss           0x0000000000000000        0x0 /home/blackhand/gcc-arm-none-eabi-7-2018-q2-update/bin/../lib/gcc/arm-none-eabi/7.3.1/thumb/v6-m/crti.o
 .data          0x0000000000000000        0x4 /home/blackhand/gcc-arm-none-eabi-7-2018-q2-update/bin/../lib/gcc/arm-none-eabi/7.3.1/thumb/v6-m/crtbegin.o
[...]
Memory Configuration

Name             Origin             Length             Attributes
RAM              0x0000000020000000 0x0000000000002000 xrw
FLASH            0x0000000008000000 0x0000000000010000 xr
*default*        0x0000000000000000 0xffffffffffffffff

Linker script and memory map

LOAD /home/blackhand/gcc-arm-none-eabi-7-2018-q2-update/bin/../lib/gcc/arm-none-eabi/7.3.1/thumb/v6-m/crti.o
LOAD /home/blackhand/gcc-arm-none-eabi-7-2018-q2-update/bin/../lib/gcc/arm-none-eabi/7.3.1/thumb/v6-m/crtbegin.o
LOAD /home/blackhand/gcc-arm-none-eabi-7-2018-q2-update/bin/../lib/gcc/arm-none-eabi/7.3.1/../../../../arm-none-eabi/lib/thumb/v6-m/crt0.o
START GROUP
LOAD /home/blackhand/gcc-arm-none-eabi-7-2018-q2-update/bin/../lib/gcc/arm-none-eabi/7.3.1/../../../../arm-none-eabi/lib/thumb/v6-m/libc_nano.a
LOAD /home/blackhand/gcc-arm-none-eabi-7-2018-q2-update/bin/../lib/gcc/arm-none-eabi/7.3.1/../../../../arm-none-eabi/lib/thumb/v6-m/libm.a
END GROUP
LOAD CMakeFiles/WaterLevelNode.dir/Core/Src/main.c.obj
LOAD CMakeFiles/WaterLevelNode.dir/Core/Src/gpio.c.obj
LOAD CMakeFiles/WaterLevelNode.dir/Core/Src/i2c.c.obj
LOAD CMakeFiles/WaterLevelNode.dir/Core/Src/usart.c.obj
LOAD CMakeFiles/WaterLevelNode.dir/Core/Src/tim.c.obj
LOAD CMakeFiles/WaterLevelNode.dir/Core/Src/stm32l0xx_it.c.obj
LOAD CMakeFiles/WaterLevelNode.dir/Core/Src/stm32l0xx_hal_msp.c.obj
LOAD CMakeFiles/WaterLevelNode.dir/Drivers/STM32L0xx_HAL_Driver/Src/stm32l0xx_hal_i2c.c.obj
LOAD CMakeFiles/WaterLevelNode.dir/Drivers/STM32L0xx_HAL_Driver/Src/stm32l0xx_hal_i2c_ex.c.obj
LOAD CMakeFiles/WaterLevelNode.dir/Drivers/STM32L0xx_HAL_Driver/Src/stm32l0xx_hal.c.obj
LOAD CMakeFiles/WaterLevelNode.dir/Drivers/STM32L0xx_HAL_Driver/Src/stm32l0xx_hal_rcc.c.obj
LOAD CMakeFiles/WaterLevelNode.dir/Drivers/STM32L0xx_HAL_Driver/Src/stm32l0xx_hal_rcc_ex.c.obj
LOAD CMakeFiles/WaterLevelNode.dir/Drivers/STM32L0xx_HAL_Driver/Src/stm32l0xx_hal_flash_ramfunc.c.obj
LOAD CMakeFiles/WaterLevelNode.dir/Drivers/STM32L0xx_HAL_Driver/Src/stm32l0xx_hal_flash.c.obj
LOAD CMakeFiles/WaterLevelNode.dir/Drivers/STM32L0xx_HAL_Driver/Src/stm32l0xx_hal_flash_ex.c.obj
LOAD CMakeFiles/WaterLevelNode.dir/Drivers/STM32L0xx_HAL_Driver/Src/stm32l0xx_hal_gpio.c.obj
LOAD CMakeFiles/WaterLevelNode.dir/Drivers/STM32L0xx_HAL_Driver/Src/stm32l0xx_hal_dma.c.obj
LOAD CMakeFiles/WaterLevelNode.dir/Drivers/STM32L0xx_HAL_Driver/Src/stm32l0xx_hal_pwr.c.obj
LOAD CMakeFiles/WaterLevelNode.dir/Drivers/STM32L0xx_HAL_Driver/Src/stm32l0xx_hal_pwr_ex.c.obj
LOAD CMakeFiles/WaterLevelNode.dir/Drivers/STM32L0xx_HAL_Driver/Src/stm32l0xx_hal_cortex.c.obj
LOAD CMakeFiles/WaterLevelNode.dir/Drivers/STM32L0xx_HAL_Driver/Src/stm32l0xx_hal_exti.c.obj
LOAD CMakeFiles/WaterLevelNode.dir/Drivers/STM32L0xx_HAL_Driver/Src/stm32l0xx_hal_uart.c.obj
LOAD CMakeFiles/WaterLevelNode.dir/Drivers/STM32L0xx_HAL_Driver/Src/stm32l0xx_hal_uart_ex.c.obj
LOAD CMakeFiles/WaterLevelNode.dir/Drivers/STM32L0xx_HAL_Driver/Src/stm32l0xx_hal_tim.c.obj
LOAD CMakeFiles/WaterLevelNode.dir/Drivers/STM32L0xx_HAL_Driver/Src/stm32l0xx_hal_tim_ex.c.obj
LOAD CMakeFiles/WaterLevelNode.dir/Core/Src/system_stm32l0xx.c.obj
LOAD CMakeFiles/WaterLevelNode.dir/Core/Src/sysmem.c.obj
LOAD CMakeFiles/WaterLevelNode.dir/Core/Src/syscalls.c.obj
LOAD CMakeFiles/WaterLevelNode.dir/startup_stm32l051xx.s.obj
START GROUP
LOAD /home/blackhand/gcc-arm-none-eabi-7-2018-q2-update/bin/../lib/gcc/arm-none-eabi/7.3.1/thumb/v6-m/libgcc.a
LOAD /home/blackhand/gcc-arm-none-eabi-7-2018-q2-update/bin/../lib/gcc/arm-none-eabi/7.3.1/../../../../arm-none-eabi/lib/thumb/v6-m/libg_nano.a
LOAD /home/blackhand/gcc-arm-none-eabi-7-2018-q2-update/bin/../lib/gcc/arm-none-eabi/7.3.1/../../../../arm-none-eabi/lib/thumb/v6-m/libc_nano.a
END GROUP
START GROUP
LOAD /home/blackhand/gcc-arm-none-eabi-7-2018-q2-update/bin/../lib/gcc/arm-none-eabi/7.3.1/thumb/v6-m/libgcc.a
LOAD /home/blackhand/gcc-arm-none-eabi-7-2018-q2-update/bin/../lib/gcc/arm-none-eabi/7.3.1/../../../../arm-none-eabi/lib/thumb/v6-m/libc_nano.a
END GROUP
LOAD /home/blackhand/gcc-arm-none-eabi-7-2018-q2-update/bin/../lib/gcc/arm-none-eabi/7.3.1/thumb/v6-m/crtend.o
LOAD /home/blackhand/gcc-arm-none-eabi-7-2018-q2-update/bin/../lib/gcc/arm-none-eabi/7.3.1/thumb/v6-m/crtn.o
                0x0000000020002000                _estack = (ORIGIN (RAM) + LENGTH (RAM))
                0x0000000000000200                _Min_Heap_Size = 0x200
                0x0000000000000400                _Min_Stack_Size = 0x400

.isr_vector     0x0000000008000000       0xc0
                0x0000000008000000                . = ALIGN (0x4)
 *(.isr_vector)
 .isr_vector    0x0000000008000000       0xc0 CMakeFiles/WaterLevelNode.dir/startup_stm32l051xx.s.obj
                0x0000000008000000                g_pfnVectors
                0x00000000080000c0                . = ALIGN (0x4)

.text           0x00000000080000c0     0x3390
                0x00000000080000c0                . = ALIGN (0x4)
 *(.text)
 .text          0x00000000080000c0       0x48 /home/blackhand/gcc-arm-none-eabi-7-2018-q2-update/bin/../lib/gcc/arm-none-eabi/7.3.1/thumb/v6-m/crtbegin.o
 .text          0x0000000008000108      0x114 /home/blackhand/gcc-arm-none-eabi-7-2018-q2-update/bin/../lib/gcc/arm-none-eabi/7.3.1/thumb/v6-m/libgcc.a(_udivsi3.o)
                0x0000000008000108                __udivsi3
                0x0000000008000108                __aeabi_uidiv
                0x0000000008000214                __aeabi_uidivmod
 .text          0x000000000800021c        0x4 /home/blackhand/gcc-arm-none-eabi-7-2018-q2-update/bin/../lib/gcc/arm-none-eabi/7.3.1/thumb/v6-m/libgcc.a(_dvmd_tls.o)
                0x000000000800021c                __aeabi_ldiv0
                0x000000000800021c                __aeabi_idiv0
 .text          0x0000000008000220       0x40 /home/blackhand/gcc-arm-none-eabi-7-2018-q2-update/bin/../lib/gcc/arm-none-eabi/7.3.1/thumb/v6-m/libgcc.a(_aeabi_uldivmod.o)
                0x0000000008000220                __aeabi_uldivmod
 .text          0x0000000008000260       0x54 /home/blackhand/gcc-arm-none-eabi-7-2018-q2-update/bin/../lib/gcc/arm-none-eabi/7.3.1/thumb/v6-m/libgcc.a(_muldi3.o)
                0x0000000008000260                __aeabi_lmul
                0x0000000008000260                __muldi3
 .text          0x00000000080002b4      0x184 /home/blackhand/gcc-arm-none-eabi-7-2018-q2-update/bin/../lib/gcc/arm-none-eabi/7.3.1/thumb/v6-m/libgcc.a(_udivmoddi4.o)
                0x00000000080002b4                __udivmoddi4
 .text          0x0000000008000438       0x18 /home/blackhand/gcc-arm-none-eabi-7-2018-q2-update/bin/../lib/gcc/arm-none-eabi/7.3.1/thumb/v6-m/libgcc.a(_clzdi2.o)
                0x0000000008000438                __clzdi2
 .text          0x0000000008000450       0x3c /home/blackhand/gcc-arm-none-eabi-7-2018-q2-update/bin/../lib/gcc/arm-none-eabi/7.3.1/thumb/v6-m/libgcc.a(_clzsi2.o)
                0x0000000008000450                __clzsi2
 *(.text*)
 .text.__libc_init_array
                0x000000000800048c       0x48 /home/blackhand/gcc-arm-none-eabi-7-2018-q2-update/bin/../lib/gcc/arm-none-eabi/7.3.1/../../../../arm-none-eabi/lib/thumb/v6-m/libc_nano.a(lib_a-init.o)
                0x000000000800048c                __libc_init_array
 .text.memset   0x00000000080004d4       0x10 /home/blackhand/gcc-arm-none-eabi-7-2018-q2-update/bin/../lib/gcc/arm-none-eabi/7.3.1/../../../../arm-none-eabi/lib/thumb/v6-m/libc_nano.a(lib_a-memset.o)
                0x00000000080004d4                memset
 .text.main     0x00000000080004e4       0x22 CMakeFiles/WaterLevelNode.dir/Core/Src/main.c.obj
                0x00000000080004e4                main
 *fill*         0x0000000008000506        0x2 
 .text.SystemClock_Config
                0x0000000008000508       0xf0 CMakeFiles/WaterLevelNode.dir/Core/Src/main.c.obj
                0x0000000008000508                SystemClock_Config
 .text.Error_Handler
                0x00000000080005f8        0x8 CMakeFiles/WaterLevelNode.dir/Core/Src/main.c.obj
                0x00000000080005f8                Error_Handler
 .text.MX_GPIO_Init
                0x0000000008000600      0x110 CMakeFiles/WaterLevelNode.dir/Core/Src/gpio.c.obj
                0x0000000008000600                MX_GPIO_Init
 .text.MX_I2C1_Init
                0x0000000008000710       0x80 CMakeFiles/WaterLevelNode.dir/Core/Src/i2c.c.obj
                0x0000000008000710                MX_I2C1_Init
 .text.HAL_I2C_MspInit
                0x0000000008000790       0x88 CMakeFiles/WaterLevelNode.dir/Core/Src/i2c.c.obj
                0x0000000008000790                HAL_I2C_MspInit
 .text.MX_LPUART1_UART_Init
                0x0000000008000818       0x60 CMakeFiles/WaterLevelNode.dir/Core/Src/usart.c.obj
                0x0000000008000818                MX_LPUART1_UART_Init
 .text.MX_USART1_UART_Init
                0x0000000008000878       0x60 CMakeFiles/WaterLevelNode.dir/Core/Src/usart.c.obj
                0x0000000008000878                MX_USART1_UART_Init
 .text.HAL_UART_MspInit
                0x00000000080008d8       0xf0 CMakeFiles/WaterLevelNode.dir/Core/Src/usart.c.obj
                0x00000000080008d8                HAL_UART_MspInit
 .text.MX_TIM2_Init
                0x00000000080009c8       0xf8 CMakeFiles/WaterLevelNode.dir/Core/Src/tim.c.obj
                0x00000000080009c8                MX_TIM2_Init
 .text.HAL_TIM_Base_MspInit
                0x0000000008000ac0       0x84 CMakeFiles/WaterLevelNode.dir/Core/Src/tim.c.obj
                0x0000000008000ac0                HAL_TIM_Base_MspInit
 .text.NMI_Handler
                0x0000000008000b44        0x6 CMakeFiles/WaterLevelNode.dir/Core/Src/stm32l0xx_it.c.obj
                0x0000000008000b44                NMI_Handler
 .text.HardFault_Handler
                0x0000000008000b4a        0x6 CMakeFiles/WaterLevelNode.dir/Core/Src/stm32l0xx_it.c.obj
                0x0000000008000b4a                HardFault_Handler
 .text.SVC_Handler
                0x0000000008000b50        0xa CMakeFiles/WaterLevelNode.dir/Core/Src/stm32l0xx_it.c.obj
                0x0000000008000b50                SVC_Handler
 .text.PendSV_Handler
                0x0000000008000b5a        0xa CMakeFiles/WaterLevelNode.dir/Core/Src/stm32l0xx_it.c.obj
                0x0000000008000b5a                PendSV_Handler
 .text.SysTick_Handler
                0x0000000008000b64        0xe CMakeFiles/WaterLevelNode.dir/Core/Src/stm32l0xx_it.c.obj
                0x0000000008000b64                SysTick_Handler
 *fill*         0x0000000008000b72        0x2 
 .text.HAL_MspInit
                0x0000000008000b74       0x28 CMakeFiles/WaterLevelNode.dir/Core/Src/stm32l0xx_hal_msp.c.obj
                0x0000000008000b74                HAL_MspInit
 .text.HAL_I2C_Init
                0x0000000008000b9c      0x12c CMakeFiles/WaterLevelNode.dir/Drivers/STM32L0xx_HAL_Driver/Src/stm32l0xx_hal_i2c.c.obj
                0x0000000008000b9c                HAL_I2C_Init
 .text.HAL_I2CEx_ConfigAnalogFilter
                0x0000000008000cc8       0x98 CMakeFiles/WaterLevelNode.dir/Drivers/STM32L0xx_HAL_Driver/Src/stm32l0xx_hal_i2c_ex.c.obj
                0x0000000008000cc8                HAL_I2CEx_ConfigAnalogFilter
 .text.HAL_I2CEx_ConfigDigitalFilter
                0x0000000008000d60       0x98 CMakeFiles/WaterLevelNode.dir/Drivers/STM32L0xx_HAL_Driver/Src/stm32l0xx_hal_i2c_ex.c.obj
                0x0000000008000d60                HAL_I2CEx_ConfigDigitalFilter
 .text.HAL_Init
                0x0000000008000df8       0x40 CMakeFiles/WaterLevelNode.dir/Drivers/STM32L0xx_HAL_Driver/Src/stm32l0xx_hal.c.obj
                0x0000000008000df8                HAL_Init
 .text.HAL_InitTick
                0x0000000008000e38       0x68 CMakeFiles/WaterLevelNode.dir/Drivers/STM32L0xx_HAL_Driver/Src/stm32l0xx_hal.c.obj
                0x0000000008000e38                HAL_InitTick
 .text.HAL_IncTick
                0x0000000008000ea0       0x24 CMakeFiles/WaterLevelNode.dir/Drivers/STM32L0xx_HAL_Driver/Src/stm32l0xx_hal.c.obj
                0x0000000008000ea0                HAL_IncTick
 .text.HAL_GetTick
                0x0000000008000ec4       0x14 CMakeFiles/WaterLevelNode.dir/Drivers/STM32L0xx_HAL_Driver/Src/stm32l0xx_hal.c.obj
                0x0000000008000ec4                HAL_GetTick
 .text.HAL_RCC_OscConfig
                0x0000000008000ed8      0x6e4 CMakeFiles/WaterLevelNode.dir/Drivers/STM32L0xx_HAL_Driver/Src/stm32l0xx_hal_rcc.c.obj
                0x0000000008000ed8                HAL_RCC_OscConfig
 .text.HAL_RCC_ClockConfig
                0x00000000080015bc      0x290 CMakeFiles/WaterLevelNode.dir/Drivers/STM32L0xx_HAL_Driver/Src/stm32l0xx_hal_rcc.c.obj
                0x00000000080015bc                HAL_RCC_ClockConfig
 .text.HAL_RCC_GetSysClockFreq
                0x000000000800184c      0x144 CMakeFiles/WaterLevelNode.dir/Drivers/STM32L0xx_HAL_Driver/Src/stm32l0xx_hal_rcc.c.obj
                0x000000000800184c                HAL_RCC_GetSysClockFreq
 .text.HAL_RCC_GetHCLKFreq
                0x0000000008001990       0x14 CMakeFiles/WaterLevelNode.dir/Drivers/STM32L0xx_HAL_Driver/Src/stm32l0xx_hal_rcc.c.obj
                0x0000000008001990                HAL_RCC_GetHCLKFreq
 .text.HAL_RCC_GetPCLK1Freq
                0x00000000080019a4       0x2c CMakeFiles/WaterLevelNode.dir/Drivers/STM32L0xx_HAL_Driver/Src/stm32l0xx_hal_rcc.c.obj
                0x00000000080019a4                HAL_RCC_GetPCLK1Freq
 .text.HAL_RCC_GetPCLK2Freq
                0x00000000080019d0       0x2c CMakeFiles/WaterLevelNode.dir/Drivers/STM32L0xx_HAL_Driver/Src/stm32l0xx_hal_rcc.c.obj
                0x00000000080019d0                HAL_RCC_GetPCLK2Freq
 .text.HAL_RCCEx_PeriphCLKConfig
                0x00000000080019fc      0x278 CMakeFiles/WaterLevelNode.dir/Drivers/STM32L0xx_HAL_Driver/Src/stm32l0xx_hal_rcc_ex.c.obj
                0x00000000080019fc                HAL_RCCEx_PeriphCLKConfig
 .text.HAL_GPIO_Init
                0x0000000008001c74      0x2ec CMakeFiles/WaterLevelNode.dir/Drivers/STM32L0xx_HAL_Driver/Src/stm32l0xx_hal_gpio.c.obj
                0x0000000008001c74                HAL_GPIO_Init
 .text.HAL_GPIO_WritePin
                0x0000000008001f60       0x3a CMakeFiles/WaterLevelNode.dir/Drivers/STM32L0xx_HAL_Driver/Src/stm32l0xx_hal_gpio.c.obj
                0x0000000008001f60                HAL_GPIO_WritePin
 *fill*         0x0000000008001f9a        0x2 
 .text.__NVIC_SetPriority
                0x0000000008001f9c       0xdc CMakeFiles/WaterLevelNode.dir/Drivers/STM32L0xx_HAL_Driver/Src/stm32l0xx_hal_cortex.c.obj
 .text.SysTick_Config
                0x0000000008002078       0x48 CMakeFiles/WaterLevelNode.dir/Drivers/STM32L0xx_HAL_Driver/Src/stm32l0xx_hal_cortex.c.obj
 .text.HAL_NVIC_SetPriority
                0x00000000080020c0       0x2a CMakeFiles/WaterLevelNode.dir/Drivers/STM32L0xx_HAL_Driver/Src/stm32l0xx_hal_cortex.c.obj
                0x00000000080020c0                HAL_NVIC_SetPriority
 .text.HAL_SYSTICK_Config
                0x00000000080020ea       0x1a CMakeFiles/WaterLevelNode.dir/Drivers/STM32L0xx_HAL_Driver/Src/stm32l0xx_hal_cortex.c.obj
                0x00000000080020ea                HAL_SYSTICK_Config
 .text.HAL_UART_Init
                0x0000000008002104       0xa8 CMakeFiles/WaterLevelNode.dir/Drivers/STM32L0xx_HAL_Driver/Src/stm32l0xx_hal_uart.c.obj
                0x0000000008002104                HAL_UART_Init
 .text.UART_SetConfig
                0x00000000080021ac      0x538 CMakeFiles/WaterLevelNode.dir/Drivers/STM32L0xx_HAL_Driver/Src/stm32l0xx_hal_uart.c.obj
                0x00000000080021ac                UART_SetConfig
 .text.UART_AdvFeatureConfig
                0x00000000080026e4      0x168 CMakeFiles/WaterLevelNode.dir/Drivers/STM32L0xx_HAL_Driver/Src/stm32l0xx_hal_uart.c.obj
                0x00000000080026e4                UART_AdvFeatureConfig
 .text.UART_CheckIdleState
                0x000000000800284c      0x148 CMakeFiles/WaterLevelNode.dir/Drivers/STM32L0xx_HAL_Driver/Src/stm32l0xx_hal_uart.c.obj
                0x000000000800284c                UART_CheckIdleState
 .text.UART_WaitOnFlagUntilTimeout
                0x0000000008002994       0xd2 CMakeFiles/WaterLevelNode.dir/Drivers/STM32L0xx_HAL_Driver/Src/stm32l0xx_hal_uart.c.obj
                0x0000000008002994                UART_WaitOnFlagUntilTimeout
 *fill*         0x0000000008002a66        0x2 
 .text.UART_EndRxTransfer
                0x0000000008002a68       0xbc CMakeFiles/WaterLevelNode.dir/Drivers/STM32L0xx_HAL_Driver/Src/stm32l0xx_hal_uart.c.obj
 .text.HAL_TIM_Base_Init
                0x0000000008002b24       0x80 CMakeFiles/WaterLevelNode.dir/Drivers/STM32L0xx_HAL_Driver/Src/stm32l0xx_hal_tim.c.obj
                0x0000000008002b24                HAL_TIM_Base_Init
 .text.HAL_TIM_IC_Init
                0x0000000008002ba4       0x80 CMakeFiles/WaterLevelNode.dir/Drivers/STM32L0xx_HAL_Driver/Src/stm32l0xx_hal_tim.c.obj
                0x0000000008002ba4                HAL_TIM_IC_Init
 .text.HAL_TIM_IC_MspInit
                0x0000000008002c24       0x10 CMakeFiles/WaterLevelNode.dir/Drivers/STM32L0xx_HAL_Driver/Src/stm32l0xx_hal_tim.c.obj
                0x0000000008002c24                HAL_TIM_IC_MspInit
 .text.HAL_TIM_IC_ConfigChannel
                0x0000000008002c34      0x148 CMakeFiles/WaterLevelNode.dir/Drivers/STM32L0xx_HAL_Driver/Src/stm32l0xx_hal_tim.c.obj
                0x0000000008002c34                HAL_TIM_IC_ConfigChannel
 .text.HAL_TIM_ConfigClockSource
                0x0000000008002d7c      0x194 CMakeFiles/WaterLevelNode.dir/Drivers/STM32L0xx_HAL_Driver/Src/stm32l0xx_hal_tim.c.obj
                0x0000000008002d7c                HAL_TIM_ConfigClockSource
 .text.TIM_Base_SetConfig
                0x0000000008002f10       0xa8 CMakeFiles/WaterLevelNode.dir/Drivers/STM32L0xx_HAL_Driver/Src/stm32l0xx_hal_tim.c.obj
 .text.TIM_TI1_SetConfig
                0x0000000008002fb8       0xac CMakeFiles/WaterLevelNode.dir/Drivers/STM32L0xx_HAL_Driver/Src/stm32l0xx_hal_tim.c.obj
 .text.TIM_TI1_ConfigInputStage
                0x0000000008003064       0x5c CMakeFiles/WaterLevelNode.dir/Drivers/STM32L0xx_HAL_Driver/Src/stm32l0xx_hal_tim.c.obj
 .text.TIM_TI2_SetConfig
                0x00000000080030c0       0x84 CMakeFiles/WaterLevelNode.dir/Drivers/STM32L0xx_HAL_Driver/Src/stm32l0xx_hal_tim.c.obj
 .text.TIM_TI2_ConfigInputStage
                0x0000000008003144       0x64 CMakeFiles/WaterLevelNode.dir/Drivers/STM32L0xx_HAL_Driver/Src/stm32l0xx_hal_tim.c.obj
 .text.TIM_TI3_SetConfig
                0x00000000080031a8       0x80 CMakeFiles/WaterLevelNode.dir/Drivers/STM32L0xx_HAL_Driver/Src/stm32l0xx_hal_tim.c.obj
 .text.TIM_TI4_SetConfig
                0x0000000008003228       0x8c CMakeFiles/WaterLevelNode.dir/Drivers/STM32L0xx_HAL_Driver/Src/stm32l0xx_hal_tim.c.obj
 .text.TIM_ITRx_SetConfig
                0x00000000080032b4       0x32 CMakeFiles/WaterLevelNode.dir/Drivers/STM32L0xx_HAL_Driver/Src/stm32l0xx_hal_tim.c.obj
 *fill*         0x00000000080032e6        0x2 
 .text.TIM_ETR_SetConfig
                0x00000000080032e8       0x40 CMakeFiles/WaterLevelNode.dir/Drivers/STM32L0xx_HAL_Driver/Src/stm32l0xx_hal_tim.c.obj
 .text.HAL_TIMEx_MasterConfigSynchronization
                0x0000000008003328       0xb0 CMakeFiles/WaterLevelNode.dir/Drivers/STM32L0xx_HAL_Driver/Src/stm32l0xx_hal_tim_ex.c.obj
                0x0000000008003328                HAL_TIMEx_MasterConfigSynchronization
 .text.SystemInit
                0x00000000080033d8        0xa CMakeFiles/WaterLevelNode.dir/Core/Src/system_stm32l0xx.c.obj
                0x00000000080033d8                SystemInit
 *fill*         0x00000000080033e2        0x2 
 .text.Reset_Handler
                0x00000000080033e4       0x50 CMakeFiles/WaterLevelNode.dir/startup_stm32l051xx.s.obj
                0x00000000080033e4                Reset_Handler
 .text.Default_Handler
                0x0000000008003434        0x2 CMakeFiles/WaterLevelNode.dir/startup_stm32l051xx.s.obj
                0x0000000008003434                ADC1_COMP_IRQHandler
                0x0000000008003434                TIM6_IRQHandler
                0x0000000008003434                PVD_IRQHandler
                0x0000000008003434                I2C1_IRQHandler
                0x0000000008003434                SPI1_IRQHandler
                0x0000000008003434                EXTI2_3_IRQHandler
                0x0000000008003434                I2C2_IRQHandler
                0x0000000008003434                RTC_IRQHandler
                0x0000000008003434                DMA1_Channel4_5_6_7_IRQHandler
                0x0000000008003434                EXTI4_15_IRQHandler
                0x0000000008003434                RCC_IRQHandler
                0x0000000008003434                DMA1_Channel1_IRQHandler
                0x0000000008003434                Default_Handler
                0x0000000008003434                TIM22_IRQHandler
                0x0000000008003434                EXTI0_1_IRQHandler
                0x0000000008003434                SPI2_IRQHandler
                0x0000000008003434                TIM21_IRQHandler
                0x0000000008003434                WWDG_IRQHandler
                0x0000000008003434                LPUART1_IRQHandler
                0x0000000008003434                TIM2_IRQHandler
                0x0000000008003434                DMA1_Channel2_3_IRQHandler
                0x0000000008003434                USART2_IRQHandler
                0x0000000008003434                FLASH_IRQHandler
                0x0000000008003434                USART1_IRQHandler
                0x0000000008003434                LPTIM1_IRQHandler
 *(.glue_7)
 .glue_7        0x0000000008003436        0x0 linker stubs
 *(.glue_7t)
 .glue_7t       0x0000000008003436        0x0 linker stubs
 *(.eh_frame)
 *fill*         0x0000000008003436        0x2 
 .eh_frame      0x0000000008003438        0x0 /home/blackhand/gcc-arm-none-eabi-7-2018-q2-update/bin/../lib/gcc/arm-none-eabi/7.3.1/thumb/v6-m/crtbegin.o
 *(.init)
 .init          0x0000000008003438        0x4 /home/blackhand/gcc-arm-none-eabi-7-2018-q2-update/bin/../lib/gcc/arm-none-eabi/7.3.1/thumb/v6-m/crti.o
                0x0000000008003438                _init
 .init          0x000000000800343c        0x8 /home/blackhand/gcc-arm-none-eabi-7-2018-q2-update/bin/../lib/gcc/arm-none-eabi/7.3.1/thumb/v6-m/crtn.o
 *(.fini)
 .fini          0x0000000008003444        0x4 /home/blackhand/gcc-arm-none-eabi-7-2018-q2-update/bin/../lib/gcc/arm-none-eabi/7.3.1/thumb/v6-m/crti.o
                0x0000000008003444                _fini
 .fini          0x0000000008003448        0x8 /home/blackhand/gcc-arm-none-eabi-7-2018-q2-update/bin/../lib/gcc/arm-none-eabi/7.3.1/thumb/v6-m/crtn.o
                0x0000000008003450                . = ALIGN (0x4)
                0x0000000008003450                _etext = .

.vfp11_veneer   0x0000000008003450        0x0
 .vfp11_veneer  0x0000000008003450        0x0 linker stubs

.v4_bx          0x0000000008003450        0x0
 .v4_bx         0x0000000008003450        0x0 linker stubs

.iplt           0x0000000008003450        0x0
 .iplt          0x0000000008003450        0x0 /home/blackhand/gcc-arm-none-eabi-7-2018-q2-update/bin/../lib/gcc/arm-none-eabi/7.3.1/thumb/v6-m/crtbegin.o

.rodata         0x0000000008003450       0x6c
                0x0000000008003450                . = ALIGN (0x4)
 *(.rodata)
 *(.rodata*)
 .rodata.UART_SetConfig
                0x0000000008003450       0x48 CMakeFiles/WaterLevelNode.dir/Drivers/STM32L0xx_HAL_Driver/Src/stm32l0xx_hal_uart.c.obj
 .rodata.AHBPrescTable
                0x0000000008003498       0x10 CMakeFiles/WaterLevelNode.dir/Core/Src/system_stm32l0xx.c.obj
                0x0000000008003498                AHBPrescTable
 .rodata.APBPrescTable
                0x00000000080034a8        0x8 CMakeFiles/WaterLevelNode.dir/Core/Src/system_stm32l0xx.c.obj
                0x00000000080034a8                APBPrescTable
 .rodata.PLLMulTable
                0x00000000080034b0        0x9 CMakeFiles/WaterLevelNode.dir/Core/Src/system_stm32l0xx.c.obj
                0x00000000080034b0                PLLMulTable
                0x00000000080034bc                . = ALIGN (0x4)
 *fill*         0x00000000080034b9        0x3 

.ARM.extab
 *(.ARM.extab* .gnu.linkonce.armextab.*)

.ARM            0x00000000080034bc        0x8
                0x00000000080034bc                __exidx_start = .
 *(.ARM.exidx*)
 .ARM.exidx     0x00000000080034bc        0x8 /home/blackhand/gcc-arm-none-eabi-7-2018-q2-update/bin/../lib/gcc/arm-none-eabi/7.3.1/thumb/v6-m/libgcc.a(_udivmoddi4.o)
                0x00000000080034c4                __exidx_end = .

.rel.dyn        0x00000000080034c4        0x0
 .rel.iplt      0x00000000080034c4        0x0 /home/blackhand/gcc-arm-none-eabi-7-2018-q2-update/bin/../lib/gcc/arm-none-eabi/7.3.1/thumb/v6-m/crtbegin.o

.preinit_array  0x00000000080034c4        0x0
                0x00000000080034c4                PROVIDE (__preinit_array_start = .)
 *(.preinit_array*)
                0x00000000080034c4                PROVIDE (__preinit_array_end = .)

.init_array     0x00000000080034c4        0x4
                0x00000000080034c4                PROVIDE (__init_array_start = .)
 *(SORT_BY_NAME(.init_array.*))
 *(.init_array*)
 .init_array    0x00000000080034c4        0x4 /home/blackhand/gcc-arm-none-eabi-7-2018-q2-update/bin/../lib/gcc/arm-none-eabi/7.3.1/thumb/v6-m/crtbegin.o
                0x00000000080034c8                PROVIDE (__init_array_end = .)

.fini_array     0x00000000080034c8        0x4
                [!provide]                        PROVIDE (__fini_array_start = .)
 *(SORT_BY_NAME(.fini_array.*))
 *(.fini_array*)
 .fini_array    0x00000000080034c8        0x4 /home/blackhand/gcc-arm-none-eabi-7-2018-q2-update/bin/../lib/gcc/arm-none-eabi/7.3.1/thumb/v6-m/crtbegin.o
                [!provide]                        PROVIDE (__fini_array_end = .)
                0x00000000080034cc                _sidata = LOADADDR (.data)

.data           0x0000000020000000        0xc load address 0x00000000080034cc
                0x0000000020000000                . = ALIGN (0x4)
                0x0000000020000000                _sdata = .
 *(.data)
 *(.data*)
 .data.uwTickPrio
                0x0000000020000000        0x4 CMakeFiles/WaterLevelNode.dir/Drivers/STM32L0xx_HAL_Driver/Src/stm32l0xx_hal.c.obj
                0x0000000020000000                uwTickPrio
 .data.uwTickFreq
                0x0000000020000004        0x1 CMakeFiles/WaterLevelNode.dir/Drivers/STM32L0xx_HAL_Driver/Src/stm32l0xx_hal.c.obj
                0x0000000020000004                uwTickFreq
 *fill*         0x0000000020000005        0x3 
 .data.SystemCoreClock
                0x0000000020000008        0x4 CMakeFiles/WaterLevelNode.dir/Core/Src/system_stm32l0xx.c.obj
                0x0000000020000008                SystemCoreClock
                0x000000002000000c                . = ALIGN (0x4)
                0x000000002000000c                _edata = .

.igot.plt       0x000000002000000c        0x0 load address 0x00000000080034d8
 .igot.plt      0x000000002000000c        0x0 /home/blackhand/gcc-arm-none-eabi-7-2018-q2-update/bin/../lib/gcc/arm-none-eabi/7.3.1/thumb/v6-m/crtbegin.o
                0x000000002000000c                . = ALIGN (0x4)

.bss            0x000000002000000c      0x1c4 load address 0x00000000080034d8
                0x000000002000000c                _sbss = .
                0x000000002000000c                __bss_start__ = _sbss
 *(.bss)
 .bss           0x000000002000000c       0x1c /home/blackhand/gcc-arm-none-eabi-7-2018-q2-update/bin/../lib/gcc/arm-none-eabi/7.3.1/thumb/v6-m/crtbegin.o
 *(.bss*)
 *(COMMON)
 COMMON         0x0000000020000028       0x54 CMakeFiles/WaterLevelNode.dir/Core/Src/i2c.c.obj
                0x0000000020000028                hi2c1
 COMMON         0x000000002000007c      0x110 CMakeFiles/WaterLevelNode.dir/Core/Src/usart.c.obj
                0x000000002000007c                hlpuart1
                0x0000000020000104                huart1
 COMMON         0x000000002000018c       0x40 CMakeFiles/WaterLevelNode.dir/Core/Src/tim.c.obj
                0x000000002000018c                htim2
 COMMON         0x00000000200001cc        0x4 CMakeFiles/WaterLevelNode.dir/Drivers/STM32L0xx_HAL_Driver/Src/stm32l0xx_hal.c.obj
                0x00000000200001cc                uwTick
                0x00000000200001d0                . = ALIGN (0x4)
                0x00000000200001d0                _ebss = .
                0x00000000200001d0                __bss_end__ = _ebss

._user_heap_stack
                0x00000000200001d0      0x600 load address 0x00000000080034d8
                0x00000000200001d0                . = ALIGN (0x8)
                [!provide]                        PROVIDE (end = .)
                0x00000000200001d0                PROVIDE (_end = .)
                0x00000000200003d0                . = (. + _Min_Heap_Size)
 *fill*         0x00000000200001d0      0x200 
                0x00000000200007d0                . = (. + _Min_Stack_Size)
 *fill*         0x00000000200003d0      0x400 
                0x00000000200007d0                . = ALIGN (0x8)

/DISCARD/
 libc.a(*)
 libm.a(*)
 libgcc.a(*)

.ARM.attributes
                0x0000000000000000       0x28
 *(.ARM.attributes)
 .ARM.attributes
                0x0000000000000000       0x1e /home/blackhand/gcc-arm-none-eabi-7-2018-q2-update/bin/../lib/gcc/arm-none-eabi/7.3.1/thumb/v6-m/crti.o
 .ARM.attributes
                0x000000000000001e       0x2c /home/blackhand/gcc-arm-none-eabi-7-2018-q2-update/bin/../lib/gcc/arm-none-eabi/7.3.1/thumb/v6-m/crtbegin.o
 .ARM.attributes
                0x000000000000004a       0x2c /home/blackhand/gcc-arm-none-eabi-7-2018-q2-update/bin/../lib/gcc/arm-none-eabi/7.3.1/../../../../arm-none-eabi/lib/thumb/v6-m/libc_nano.a(lib_a-init.o)
 .ARM.attributes
                0x0000000000000076       0x2c /home/blackhand/gcc-arm-none-eabi-7-2018-q2-update/bin/../lib/gcc/arm-none-eabi/7.3.1/../../../../arm-none-eabi/lib/thumb/v6-m/libc_nano.a(lib_a-memset.o)
 .ARM.attributes
                0x00000000000000a2       0x32 CMakeFiles/WaterLevelNode.dir/Core/Src/main.c.obj
 .ARM.attributes
                0x00000000000000d4       0x32 CMakeFiles/WaterLevelNode.dir/Core/Src/gpio.c.obj
 .ARM.attributes
                0x0000000000000106       0x32 CMakeFiles/WaterLevelNode.dir/Core/Src/i2c.c.obj
 .ARM.attributes
                0x0000000000000138       0x32 CMakeFiles/WaterLevelNode.dir/Core/Src/usart.c.obj
 .ARM.attributes
                0x000000000000016a       0x32 CMakeFiles/WaterLevelNode.dir/Core/Src/tim.c.obj
 .ARM.attributes
                0x000000000000019c       0x32 CMakeFiles/WaterLevelNode.dir/Core/Src/stm32l0xx_it.c.obj
 .ARM.attributes
                0x00000000000001ce       0x32 CMakeFiles/WaterLevelNode.dir/Core/Src/stm32l0xx_hal_msp.c.obj
 .ARM.attributes
                0x0000000000000200       0x32 CMakeFiles/WaterLevelNode.dir/Drivers/STM32L0xx_HAL_Driver/Src/stm32l0xx_hal_i2c.c.obj
 .ARM.attributes
                0x0000000000000232       0x32 CMakeFiles/WaterLevelNode.dir/Drivers/STM32L0xx_HAL_Driver/Src/stm32l0xx_hal_i2c_ex.c.obj
 .ARM.attributes
                0x0000000000000264       0x32 CMakeFiles/WaterLevelNode.dir/Drivers/STM32L0xx_HAL_Driver/Src/stm32l0xx_hal.c.obj
 .ARM.attributes
                0x0000000000000296       0x32 CMakeFiles/WaterLevelNode.dir/Drivers/STM32L0xx_HAL_Driver/Src/stm32l0xx_hal_rcc.c.obj
 .ARM.attributes
                0x00000000000002c8       0x32 CMakeFiles/WaterLevelNode.dir/Drivers/STM32L0xx_HAL_Driver/Src/stm32l0xx_hal_rcc_ex.c.obj
 .ARM.attributes
                0x00000000000002fa       0x32 CMakeFiles/WaterLevelNode.dir/Drivers/STM32L0xx_HAL_Driver/Src/stm32l0xx_hal_gpio.c.obj
 .ARM.attributes
                0x000000000000032c       0x32 CMakeFiles/WaterLevelNode.dir/Drivers/STM32L0xx_HAL_Driver/Src/stm32l0xx_hal_cortex.c.obj
 .ARM.attributes
                0x000000000000035e       0x32 CMakeFiles/WaterLevelNode.dir/Drivers/STM32L0xx_HAL_Driver/Src/stm32l0xx_hal_uart.c.obj
 .ARM.attributes
                0x0000000000000390       0x32 CMakeFiles/WaterLevelNode.dir/Drivers/STM32L0xx_HAL_Driver/Src/stm32l0xx_hal_tim.c.obj
 .ARM.attributes
                0x00000000000003c2       0x32 CMakeFiles/WaterLevelNode.dir/Drivers/STM32L0xx_HAL_Driver/Src/stm32l0xx_hal_tim_ex.c.obj
 .ARM.attributes
                0x00000000000003f4       0x32 CMakeFiles/WaterLevelNode.dir/Core/Src/system_stm32l0xx.c.obj
 .ARM.attributes
                0x0000000000000426       0x22 CMakeFiles/WaterLevelNode.dir/startup_stm32l051xx.s.obj
 .ARM.attributes
                0x0000000000000448       0x1e /home/blackhand/gcc-arm-none-eabi-7-2018-q2-update/bin/../lib/gcc/arm-none-eabi/7.3.1/thumb/v6-m/libgcc.a(_udivsi3.o)
 .ARM.attributes
                0x0000000000000466       0x1e /home/blackhand/gcc-arm-none-eabi-7-2018-q2-update/bin/../lib/gcc/arm-none-eabi/7.3.1/thumb/v6-m/libgcc.a(_dvmd_tls.o)
 .ARM.attributes
                0x0000000000000484       0x1e /home/blackhand/gcc-arm-none-eabi-7-2018-q2-update/bin/../lib/gcc/arm-none-eabi/7.3.1/thumb/v6-m/libgcc.a(_aeabi_uldivmod.o)
 .ARM.attributes
                0x00000000000004a2       0x2c /home/blackhand/gcc-arm-none-eabi-7-2018-q2-update/bin/../lib/gcc/arm-none-eabi/7.3.1/thumb/v6-m/libgcc.a(_muldi3.o)
 .ARM.attributes
                0x00000000000004ce       0x2c /home/blackhand/gcc-arm-none-eabi-7-2018-q2-update/bin/../lib/gcc/arm-none-eabi/7.3.1/thumb/v6-m/libgcc.a(_udivmoddi4.o)
 .ARM.attributes
                0x00000000000004fa       0x1e /home/blackhand/gcc-arm-none-eabi-7-2018-q2-update/bin/../lib/gcc/arm-none-eabi/7.3.1/thumb/v6-m/libgcc.a(_clzdi2.o)
 .ARM.attributes
                0x0000000000000518       0x1e /home/blackhand/gcc-arm-none-eabi-7-2018-q2-update/bin/../lib/gcc/arm-none-eabi/7.3.1/thumb/v6-m/libgcc.a(_clzsi2.o)
 .ARM.attributes
                0x0000000000000536       0x1e /home/blackhand/gcc-arm-none-eabi-7-2018-q2-update/bin/../lib/gcc/arm-none-eabi/7.3.1/thumb/v6-m/crtn.o
OUTPUT(WaterLevelNode.elf elf32-littlearm)

.debug_frame    0x0000000000000000     0x30fc
 .debug_frame   0x0000000000000000       0x2c /home/blackhand/gcc-arm-none-eabi-7-2018-q2-update/bin/../lib/gcc/arm-none-eabi/7.3.1/../../../../arm-none-eabi/lib/thumb/v6-m/libc_nano.a(lib_a-init.o)
 .debug_frame   0x000000000000002c       0x20 /home/blackhand/gcc-arm-none-eabi-7-2018-q2-update/bin/../lib/gcc/arm-none-eabi/7.3.1/../../../../arm-none-eabi/lib/thumb/v6-m/libc_nano.a(lib_a-memset.o)
 .debug_frame   0x000000000000004c       0x68 CMakeFiles/WaterLevelNode.dir/Core/Src/main.c.obj
 .debug_frame   0x00000000000000b4       0x30 CMakeFiles/WaterLevelNode.dir/Core/Src/gpio.c.obj
 .debug_frame   0x00000000000000e4       0x6c CMakeFiles/WaterLevelNode.dir/Core/Src/i2c.c.obj
 .debug_frame   0x0000000000000150       0x88 CMakeFiles/WaterLevelNode.dir/Core/Src/usart.c.obj
 .debug_frame   0x00000000000001d8       0x70 CMakeFiles/WaterLevelNode.dir/Core/Src/tim.c.obj
 .debug_frame   0x0000000000000248       0x9c CMakeFiles/WaterLevelNode.dir/Core/Src/stm32l0xx_it.c.obj
 .debug_frame   0x00000000000002e4       0x2c CMakeFiles/WaterLevelNode.dir/Core/Src/stm32l0xx_hal_msp.c.obj
 .debug_frame   0x0000000000000310      0xa60 CMakeFiles/WaterLevelNode.dir/Drivers/STM32L0xx_HAL_Driver/Src/stm32l0xx_hal_i2c.c.obj
 .debug_frame   0x0000000000000d70       0xd0 CMakeFiles/WaterLevelNode.dir/Drivers/STM32L0xx_HAL_Driver/Src/stm32l0xx_hal_i2c_ex.c.obj
 .debug_frame   0x0000000000000e40      0x394 CMakeFiles/WaterLevelNode.dir/Drivers/STM32L0xx_HAL_Driver/Src/stm32l0xx_hal.c.obj
 .debug_frame   0x00000000000011d4      0x1a8 CMakeFiles/WaterLevelNode.dir/Drivers/STM32L0xx_HAL_Driver/Src/stm32l0xx_hal_rcc.c.obj
 .debug_frame   0x000000000000137c       0xfc CMakeFiles/WaterLevelNode.dir/Drivers/STM32L0xx_HAL_Driver/Src/stm32l0xx_hal_rcc_ex.c.obj
 .debug_frame   0x0000000000001478      0x110 CMakeFiles/WaterLevelNode.dir/Drivers/STM32L0xx_HAL_Driver/Src/stm32l0xx_hal_gpio.c.obj
 .debug_frame   0x0000000000001588      0x2fc CMakeFiles/WaterLevelNode.dir/Drivers/STM32L0xx_HAL_Driver/Src/stm32l0xx_hal_cortex.c.obj
 .debug_frame   0x0000000000001884      0x854 CMakeFiles/WaterLevelNode.dir/Drivers/STM32L0xx_HAL_Driver/Src/stm32l0xx_hal_uart.c.obj
 .debug_frame   0x00000000000020d8      0xef8 CMakeFiles/WaterLevelNode.dir/Drivers/STM32L0xx_HAL_Driver/Src/stm32l0xx_hal_tim.c.obj
 .debug_frame   0x0000000000002fd0       0x50 CMakeFiles/WaterLevelNode.dir/Drivers/STM32L0xx_HAL_Driver/Src/stm32l0xx_hal_tim_ex.c.obj
 .debug_frame   0x0000000000003020       0x4c CMakeFiles/WaterLevelNode.dir/Core/Src/system_stm32l0xx.c.obj
 .debug_frame   0x000000000000306c       0x20 /home/blackhand/gcc-arm-none-eabi-7-2018-q2-update/bin/../lib/gcc/arm-none-eabi/7.3.1/thumb/v6-m/libgcc.a(_udivsi3.o)
 .debug_frame   0x000000000000308c       0x34 /home/blackhand/gcc-arm-none-eabi-7-2018-q2-update/bin/../lib/gcc/arm-none-eabi/7.3.1/thumb/v6-m/libgcc.a(_muldi3.o)
 .debug_frame   0x00000000000030c0       0x3c /home/blackhand/gcc-arm-none-eabi-7-2018-q2-update/bin/../lib/gcc/arm-none-eabi/7.3.1/thumb/v6-m/libgcc.a(_udivmoddi4.o)

.debug_info     0x0000000000000000    0x1038b
 .debug_info    0x0000000000000000      0xf92 CMakeFiles/WaterLevelNode.dir/Core/Src/main.c.obj
 .debug_info    0x0000000000000f92      0x4f3 CMakeFiles/WaterLevelNode.dir/Core/Src/gpio.c.obj
 .debug_info    0x0000000000001485      0x9e7 CMakeFiles/WaterLevelNode.dir/Core/Src/i2c.c.obj
 .debug_info    0x0000000000001e6c      0xa66 CMakeFiles/WaterLevelNode.dir/Core/Src/usart.c.obj
 .debug_info    0x00000000000028d2      0xad0 CMakeFiles/WaterLevelNode.dir/Core/Src/tim.c.obj
 .debug_info    0x00000000000033a2      0x27f CMakeFiles/WaterLevelNode.dir/Core/Src/stm32l0xx_it.c.obj
 .debug_info    0x0000000000003621      0x361 CMakeFiles/WaterLevelNode.dir/Core/Src/stm32l0xx_hal_msp.c.obj
 .debug_info    0x0000000000003982     0x218a CMakeFiles/WaterLevelNode.dir/Drivers/STM32L0xx_HAL_Driver/Src/stm32l0xx_hal_i2c.c.obj
 .debug_info    0x0000000000005b0c      0x9e1 CMakeFiles/WaterLevelNode.dir/Drivers/STM32L0xx_HAL_Driver/Src/stm32l0xx_hal_i2c_ex.c.obj
 .debug_info    0x00000000000064ed      0x914 CMakeFiles/WaterLevelNode.dir/Drivers/STM32L0xx_HAL_Driver/Src/stm32l0xx_hal.c.obj
 .debug_info    0x0000000000006e01      0x9e3 CMakeFiles/WaterLevelNode.dir/Drivers/STM32L0xx_HAL_Driver/Src/stm32l0xx_hal_rcc.c.obj
 .debug_info    0x00000000000077e4      0x5e1 CMakeFiles/WaterLevelNode.dir/Drivers/STM32L0xx_HAL_Driver/Src/stm32l0xx_hal_rcc_ex.c.obj
 .debug_info    0x0000000000007dc5      0x7d8 CMakeFiles/WaterLevelNode.dir/Drivers/STM32L0xx_HAL_Driver/Src/stm32l0xx_hal_gpio.c.obj
 .debug_info    0x000000000000859d      0x9d8 CMakeFiles/WaterLevelNode.dir/Drivers/STM32L0xx_HAL_Driver/Src/stm32l0xx_hal_cortex.c.obj
 .debug_info    0x0000000000008f75     0x3eef CMakeFiles/WaterLevelNode.dir/Drivers/STM32L0xx_HAL_Driver/Src/stm32l0xx_hal_uart.c.obj
 .debug_info    0x000000000000ce64     0x2910 CMakeFiles/WaterLevelNode.dir/Drivers/STM32L0xx_HAL_Driver/Src/stm32l0xx_hal_tim.c.obj
 .debug_info    0x000000000000f774      0x804 CMakeFiles/WaterLevelNode.dir/Drivers/STM32L0xx_HAL_Driver/Src/stm32l0xx_hal_tim_ex.c.obj
 .debug_info    0x000000000000ff78      0x3f1 CMakeFiles/WaterLevelNode.dir/Core/Src/system_stm32l0xx.c.obj
 .debug_info    0x0000000000010369       0x22 CMakeFiles/WaterLevelNode.dir/startup_stm32l051xx.s.obj

.debug_abbrev   0x0000000000000000     0x1fa5
 .debug_abbrev  0x0000000000000000      0x1bf CMakeFiles/WaterLevelNode.dir/Core/Src/main.c.obj
 .debug_abbrev  0x00000000000001bf      0x134 CMakeFiles/WaterLevelNode.dir/Core/Src/gpio.c.obj
 .debug_abbrev  0x00000000000002f3      0x199 CMakeFiles/WaterLevelNode.dir/Core/Src/i2c.c.obj
 .debug_abbrev  0x000000000000048c      0x199 CMakeFiles/WaterLevelNode.dir/Core/Src/usart.c.obj
 .debug_abbrev  0x0000000000000625      0x19f CMakeFiles/WaterLevelNode.dir/Core/Src/tim.c.obj
 .debug_abbrev  0x00000000000007c4       0xe2 CMakeFiles/WaterLevelNode.dir/Core/Src/stm32l0xx_it.c.obj
 .debug_abbrev  0x00000000000008a6      0x102 CMakeFiles/WaterLevelNode.dir/Core/Src/stm32l0xx_hal_msp.c.obj
 .debug_abbrev  0x00000000000009a8      0x239 CMakeFiles/WaterLevelNode.dir/Drivers/STM32L0xx_HAL_Driver/Src/stm32l0xx_hal_i2c.c.obj
 .debug_abbrev  0x0000000000000be1      0x1b0 CMakeFiles/WaterLevelNode.dir/Drivers/STM32L0xx_HAL_Driver/Src/stm32l0xx_hal_i2c_ex.c.obj
 .debug_abbrev  0x0000000000000d91      0x235 CMakeFiles/WaterLevelNode.dir/Drivers/STM32L0xx_HAL_Driver/Src/stm32l0xx_hal.c.obj
 .debug_abbrev  0x0000000000000fc6      0x21a CMakeFiles/WaterLevelNode.dir/Drivers/STM32L0xx_HAL_Driver/Src/stm32l0xx_hal_rcc.c.obj
 .debug_abbrev  0x00000000000011e0      0x1c7 CMakeFiles/WaterLevelNode.dir/Drivers/STM32L0xx_HAL_Driver/Src/stm32l0xx_hal_rcc_ex.c.obj
 .debug_abbrev  0x00000000000013a7      0x1c0 CMakeFiles/WaterLevelNode.dir/Drivers/STM32L0xx_HAL_Driver/Src/stm32l0xx_hal_gpio.c.obj
 .debug_abbrev  0x0000000000001567      0x27c CMakeFiles/WaterLevelNode.dir/Drivers/STM32L0xx_HAL_Driver/Src/stm32l0xx_hal_cortex.c.obj
 .debug_abbrev  0x00000000000017e3      0x28c CMakeFiles/WaterLevelNode.dir/Drivers/STM32L0xx_HAL_Driver/Src/stm32l0xx_hal_uart.c.obj
 .debug_abbrev  0x0000000000001a6f      0x23f CMakeFiles/WaterLevelNode.dir/Drivers/STM32L0xx_HAL_Driver/Src/stm32l0xx_hal_tim.c.obj
 .debug_abbrev  0x0000000000001cae      0x19e CMakeFiles/WaterLevelNode.dir/Drivers/STM32L0xx_HAL_Driver/Src/stm32l0xx_hal_tim_ex.c.obj
 .debug_abbrev  0x0000000000001e4c      0x147 CMakeFiles/WaterLevelNode.dir/Core/Src/system_stm32l0xx.c.obj
 .debug_abbrev  0x0000000000001f93       0x12 CMakeFiles/WaterLevelNode.dir/startup_stm32l051xx.s.obj

.debug_aranges  0x0000000000000000      0xdb8
 .debug_aranges
                0x0000000000000000       0x30 CMakeFiles/WaterLevelNode.dir/Core/Src/main.c.obj
 .debug_aranges
                0x0000000000000030       0x20 CMakeFiles/WaterLevelNode.dir/Core/Src/gpio.c.obj
 .debug_aranges
                0x0000000000000050       0x30 CMakeFiles/WaterLevelNode.dir/Core/Src/i2c.c.obj
 .debug_aranges
                0x0000000000000080       0x38 CMakeFiles/WaterLevelNode.dir/Core/Src/usart.c.obj
 .debug_aranges
                0x00000000000000b8       0x30 CMakeFiles/WaterLevelNode.dir/Core/Src/tim.c.obj
 .debug_aranges
                0x00000000000000e8       0x40 CMakeFiles/WaterLevelNode.dir/Core/Src/stm32l0xx_it.c.obj
 .debug_aranges
                0x0000000000000128       0x20 CMakeFiles/WaterLevelNode.dir/Core/Src/stm32l0xx_hal_msp.c.obj
 .debug_aranges
                0x0000000000000148      0x2a0 CMakeFiles/WaterLevelNode.dir/Drivers/STM32L0xx_HAL_Driver/Src/stm32l0xx_hal_i2c.c.obj
 .debug_aranges
                0x00000000000003e8       0x48 CMakeFiles/WaterLevelNode.dir/Drivers/STM32L0xx_HAL_Driver/Src/stm32l0xx_hal_i2c_ex.c.obj
 .debug_aranges
                0x0000000000000430      0x110 CMakeFiles/WaterLevelNode.dir/Drivers/STM32L0xx_HAL_Driver/Src/stm32l0xx_hal.c.obj
 .debug_aranges
                0x0000000000000540       0x80 CMakeFiles/WaterLevelNode.dir/Drivers/STM32L0xx_HAL_Driver/Src/stm32l0xx_hal_rcc.c.obj
 .debug_aranges
                0x00000000000005c0       0x58 CMakeFiles/WaterLevelNode.dir/Drivers/STM32L0xx_HAL_Driver/Src/stm32l0xx_hal_rcc_ex.c.obj
 .debug_aranges
                0x0000000000000618       0x58 CMakeFiles/WaterLevelNode.dir/Drivers/STM32L0xx_HAL_Driver/Src/stm32l0xx_hal_gpio.c.obj
 .debug_aranges
                0x0000000000000670       0xd8 CMakeFiles/WaterLevelNode.dir/Drivers/STM32L0xx_HAL_Driver/Src/stm32l0xx_hal_cortex.c.obj
 .debug_aranges
                0x0000000000000748      0x228 CMakeFiles/WaterLevelNode.dir/Drivers/STM32L0xx_HAL_Driver/Src/stm32l0xx_hal_uart.c.obj
 .debug_aranges
                0x0000000000000970      0x3d0 CMakeFiles/WaterLevelNode.dir/Drivers/STM32L0xx_HAL_Driver/Src/stm32l0xx_hal_tim.c.obj
 .debug_aranges
                0x0000000000000d40       0x28 CMakeFiles/WaterLevelNode.dir/Drivers/STM32L0xx_HAL_Driver/Src/stm32l0xx_hal_tim_ex.c.obj
 .debug_aranges
                0x0000000000000d68       0x28 CMakeFiles/WaterLevelNode.dir/Core/Src/system_stm32l0xx.c.obj
 .debug_aranges
                0x0000000000000d90       0x28 CMakeFiles/WaterLevelNode.dir/startup_stm32l051xx.s.obj

.debug_ranges   0x0000000000000000      0xcc0
 .debug_ranges  0x0000000000000000       0x20 CMakeFiles/WaterLevelNode.dir/Core/Src/main.c.obj
 .debug_ranges  0x0000000000000020       0x10 CMakeFiles/WaterLevelNode.dir/Core/Src/gpio.c.obj
 .debug_ranges  0x0000000000000030       0x20 CMakeFiles/WaterLevelNode.dir/Core/Src/i2c.c.obj
 .debug_ranges  0x0000000000000050       0x28 CMakeFiles/WaterLevelNode.dir/Core/Src/usart.c.obj
 .debug_ranges  0x0000000000000078       0x20 CMakeFiles/WaterLevelNode.dir/Core/Src/tim.c.obj
 .debug_ranges  0x0000000000000098       0x30 CMakeFiles/WaterLevelNode.dir/Core/Src/stm32l0xx_it.c.obj
 .debug_ranges  0x00000000000000c8       0x10 CMakeFiles/WaterLevelNode.dir/Core/Src/stm32l0xx_hal_msp.c.obj
 .debug_ranges  0x00000000000000d8      0x290 CMakeFiles/WaterLevelNode.dir/Drivers/STM32L0xx_HAL_Driver/Src/stm32l0xx_hal_i2c.c.obj
 .debug_ranges  0x0000000000000368       0x38 CMakeFiles/WaterLevelNode.dir/Drivers/STM32L0xx_HAL_Driver/Src/stm32l0xx_hal_i2c_ex.c.obj
 .debug_ranges  0x00000000000003a0      0x100 CMakeFiles/WaterLevelNode.dir/Drivers/STM32L0xx_HAL_Driver/Src/stm32l0xx_hal.c.obj
 .debug_ranges  0x00000000000004a0       0x70 CMakeFiles/WaterLevelNode.dir/Drivers/STM32L0xx_HAL_Driver/Src/stm32l0xx_hal_rcc.c.obj
 .debug_ranges  0x0000000000000510       0x48 CMakeFiles/WaterLevelNode.dir/Drivers/STM32L0xx_HAL_Driver/Src/stm32l0xx_hal_rcc_ex.c.obj
 .debug_ranges  0x0000000000000558       0x48 CMakeFiles/WaterLevelNode.dir/Drivers/STM32L0xx_HAL_Driver/Src/stm32l0xx_hal_gpio.c.obj
 .debug_ranges  0x00000000000005a0       0xc8 CMakeFiles/WaterLevelNode.dir/Drivers/STM32L0xx_HAL_Driver/Src/stm32l0xx_hal_cortex.c.obj
 .debug_ranges  0x0000000000000668      0x248 CMakeFiles/WaterLevelNode.dir/Drivers/STM32L0xx_HAL_Driver/Src/stm32l0xx_hal_uart.c.obj
 .debug_ranges  0x00000000000008b0      0x3c0 CMakeFiles/WaterLevelNode.dir/Drivers/STM32L0xx_HAL_Driver/Src/stm32l0xx_hal_tim.c.obj
 .debug_ranges  0x0000000000000c70       0x18 CMakeFiles/WaterLevelNode.dir/Drivers/STM32L0xx_HAL_Driver/Src/stm32l0xx_hal_tim_ex.c.obj
 .debug_ranges  0x0000000000000c88       0x18 CMakeFiles/WaterLevelNode.dir/Core/Src/system_stm32l0xx.c.obj
 .debug_ranges  0x0000000000000ca0       0x20 CMakeFiles/WaterLevelNode.dir/startup_stm32l051xx.s.obj

.debug_macro    0x0000000000000000    0x1246a
 .debug_macro   0x0000000000000000      0x209 CMakeFiles/WaterLevelNode.dir/Core/Src/main.c.obj
 .debug_macro   0x0000000000000209      0xa48 CMakeFiles/WaterLevelNode.dir/Core/Src/main.c.obj
 .debug_macro   0x0000000000000c51      0x125 CMakeFiles/WaterLevelNode.dir/Core/Src/main.c.obj
 .debug_macro   0x0000000000000d76       0x2e CMakeFiles/WaterLevelNode.dir/Core/Src/main.c.obj
 .debug_macro   0x0000000000000da4       0x28 CMakeFiles/WaterLevelNode.dir/Core/Src/main.c.obj
 .debug_macro   0x0000000000000dcc       0x22 CMakeFiles/WaterLevelNode.dir/Core/Src/main.c.obj
 .debug_macro   0x0000000000000dee       0x8e CMakeFiles/WaterLevelNode.dir/Core/Src/main.c.obj
 .debug_macro   0x0000000000000e7c       0x51 CMakeFiles/WaterLevelNode.dir/Core/Src/main.c.obj
 .debug_macro   0x0000000000000ecd       0xef CMakeFiles/WaterLevelNode.dir/Core/Src/main.c.obj
 .debug_macro   0x0000000000000fbc       0x6a CMakeFiles/WaterLevelNode.dir/Core/Src/main.c.obj
 .debug_macro   0x0000000000001026      0x1df CMakeFiles/WaterLevelNode.dir/Core/Src/main.c.obj
 .debug_macro   0x0000000000001205       0x1c CMakeFiles/WaterLevelNode.dir/Core/Src/main.c.obj
 .debug_macro   0x0000000000001221       0x22 CMakeFiles/WaterLevelNode.dir/Core/Src/main.c.obj
 .debug_macro   0x0000000000001243       0xb5 CMakeFiles/WaterLevelNode.dir/Core/Src/main.c.obj
 .debug_macro   0x00000000000012f8      0x4da CMakeFiles/WaterLevelNode.dir/Core/Src/main.c.obj
 .debug_macro   0x00000000000017d2      0x11f CMakeFiles/WaterLevelNode.dir/Core/Src/main.c.obj
 .debug_macro   0x00000000000018f1     0x8248 CMakeFiles/WaterLevelNode.dir/Core/Src/main.c.obj
 .debug_macro   0x0000000000009b39       0x66 CMakeFiles/WaterLevelNode.dir/Core/Src/main.c.obj
 .debug_macro   0x0000000000009b9f     0x3590 CMakeFiles/WaterLevelNode.dir/Core/Src/main.c.obj
 .debug_macro   0x000000000000d12f      0x174 CMakeFiles/WaterLevelNode.dir/Core/Src/main.c.obj
 .debug_macro   0x000000000000d2a3       0x5c CMakeFiles/WaterLevelNode.dir/Core/Src/main.c.obj
 .debug_macro   0x000000000000d2ff      0x8ae CMakeFiles/WaterLevelNode.dir/Core/Src/main.c.obj
 .debug_macro   0x000000000000dbad      0x625 CMakeFiles/WaterLevelNode.dir/Core/Src/main.c.obj
 .debug_macro   0x000000000000e1d2      0x190 CMakeFiles/WaterLevelNode.dir/Core/Src/main.c.obj
 .debug_macro   0x000000000000e362      0x13f CMakeFiles/WaterLevelNode.dir/Core/Src/main.c.obj
 .debug_macro   0x000000000000e4a1      0x161 CMakeFiles/WaterLevelNode.dir/Core/Src/main.c.obj
 .debug_macro   0x000000000000e602       0x82 CMakeFiles/WaterLevelNode.dir/Core/Src/main.c.obj
 .debug_macro   0x000000000000e684      0x28e CMakeFiles/WaterLevelNode.dir/Core/Src/main.c.obj
 .debug_macro   0x000000000000e912      0x1e9 CMakeFiles/WaterLevelNode.dir/Core/Src/main.c.obj
 .debug_macro   0x000000000000eafb      0x128 CMakeFiles/WaterLevelNode.dir/Core/Src/main.c.obj
 .debug_macro   0x000000000000ec23      0x2ab CMakeFiles/WaterLevelNode.dir/Core/Src/main.c.obj
 .debug_macro   0x000000000000eece      0x22c CMakeFiles/WaterLevelNode.dir/Core/Src/main.c.obj
 .debug_macro   0x000000000000f0fa       0x5b CMakeFiles/WaterLevelNode.dir/Core/Src/main.c.obj
 .debug_macro   0x000000000000f155       0xa5 CMakeFiles/WaterLevelNode.dir/Core/Src/main.c.obj
 .debug_macro   0x000000000000f1fa      0x180 CMakeFiles/WaterLevelNode.dir/Core/Src/main.c.obj
 .debug_macro   0x000000000000f37a       0x16 CMakeFiles/WaterLevelNode.dir/Core/Src/main.c.obj
 .debug_macro   0x000000000000f390      0x788 CMakeFiles/WaterLevelNode.dir/Core/Src/main.c.obj
 .debug_macro   0x000000000000fb18       0xc6 CMakeFiles/WaterLevelNode.dir/Core/Src/main.c.obj
 .debug_macro   0x000000000000fbde      0x5cf CMakeFiles/WaterLevelNode.dir/Core/Src/main.c.obj
 .debug_macro   0x00000000000101ad       0x44 CMakeFiles/WaterLevelNode.dir/Core/Src/main.c.obj
 .debug_macro   0x00000000000101f1      0x146 CMakeFiles/WaterLevelNode.dir/Core/Src/main.c.obj
 .debug_macro   0x0000000000010337       0xa0 CMakeFiles/WaterLevelNode.dir/Core/Src/main.c.obj
 .debug_macro   0x00000000000103d7      0x1e7 CMakeFiles/WaterLevelNode.dir/Core/Src/gpio.c.obj
 .debug_macro   0x00000000000105be      0x1e7 CMakeFiles/WaterLevelNode.dir/Core/Src/i2c.c.obj
 .debug_macro   0x00000000000107a5      0x1e7 CMakeFiles/WaterLevelNode.dir/Core/Src/usart.c.obj
 .debug_macro   0x000000000001098c      0x1e7 CMakeFiles/WaterLevelNode.dir/Core/Src/tim.c.obj
 .debug_macro   0x0000000000010b73      0x1e7 CMakeFiles/WaterLevelNode.dir/Core/Src/stm32l0xx_it.c.obj
 .debug_macro   0x0000000000010d5a      0x1dd CMakeFiles/WaterLevelNode.dir/Core/Src/stm32l0xx_hal_msp.c.obj
 .debug_macro   0x0000000000010f37      0x29a CMakeFiles/WaterLevelNode.dir/Drivers/STM32L0xx_HAL_Driver/Src/stm32l0xx_hal_i2c.c.obj
 .debug_macro   0x00000000000111d1      0x1ce CMakeFiles/WaterLevelNode.dir/Drivers/STM32L0xx_HAL_Driver/Src/stm32l0xx_hal_i2c_ex.c.obj
 .debug_macro   0x000000000001139f      0x1f2 CMakeFiles/WaterLevelNode.dir/Drivers/STM32L0xx_HAL_Driver/Src/stm32l0xx_hal.c.obj
 .debug_macro   0x0000000000011591      0x204 CMakeFiles/WaterLevelNode.dir/Drivers/STM32L0xx_HAL_Driver/Src/stm32l0xx_hal_rcc.c.obj
 .debug_macro   0x0000000000011795      0x1ce CMakeFiles/WaterLevelNode.dir/Drivers/STM32L0xx_HAL_Driver/Src/stm32l0xx_hal_rcc_ex.c.obj
 .debug_macro   0x0000000000011963      0x1d5 CMakeFiles/WaterLevelNode.dir/Drivers/STM32L0xx_HAL_Driver/Src/stm32l0xx_hal_gpio.c.obj
 .debug_macro   0x0000000000011b38      0x1ce CMakeFiles/WaterLevelNode.dir/Drivers/STM32L0xx_HAL_Driver/Src/stm32l0xx_hal_cortex.c.obj
 .debug_macro   0x0000000000011d06      0x1f9 CMakeFiles/WaterLevelNode.dir/Drivers/STM32L0xx_HAL_Driver/Src/stm32l0xx_hal_uart.c.obj
 .debug_macro   0x0000000000011eff      0x1cf CMakeFiles/WaterLevelNode.dir/Drivers/STM32L0xx_HAL_Driver/Src/stm32l0xx_hal_tim.c.obj
 .debug_macro   0x00000000000120ce      0x1ce CMakeFiles/WaterLevelNode.dir/Drivers/STM32L0xx_HAL_Driver/Src/stm32l0xx_hal_tim_ex.c.obj
 .debug_macro   0x000000000001229c      0x1ce CMakeFiles/WaterLevelNode.dir/Core/Src/system_stm32l0xx.c.obj

.debug_line     0x0000000000000000     0xcdd3
 .debug_line    0x0000000000000000      0x76a CMakeFiles/WaterLevelNode.dir/Core/Src/main.c.obj
 .debug_line    0x000000000000076a      0x70c CMakeFiles/WaterLevelNode.dir/Core/Src/gpio.c.obj
 .debug_line    0x0000000000000e76      0x736 CMakeFiles/WaterLevelNode.dir/Core/Src/i2c.c.obj
 .debug_line    0x00000000000015ac      0x769 CMakeFiles/WaterLevelNode.dir/Core/Src/usart.c.obj
 .debug_line    0x0000000000001d15      0x73e CMakeFiles/WaterLevelNode.dir/Core/Src/tim.c.obj
 .debug_line    0x0000000000002453      0x755 CMakeFiles/WaterLevelNode.dir/Core/Src/stm32l0xx_it.c.obj
 .debug_line    0x0000000000002ba8      0x6fc CMakeFiles/WaterLevelNode.dir/Core/Src/stm32l0xx_hal_msp.c.obj
 .debug_line    0x00000000000032a4     0x1cdb CMakeFiles/WaterLevelNode.dir/Drivers/STM32L0xx_HAL_Driver/Src/stm32l0xx_hal_i2c.c.obj
 .debug_line    0x0000000000004f7f      0x841 CMakeFiles/WaterLevelNode.dir/Drivers/STM32L0xx_HAL_Driver/Src/stm32l0xx_hal_i2c_ex.c.obj
 .debug_line    0x00000000000057c0      0x948 CMakeFiles/WaterLevelNode.dir/Drivers/STM32L0xx_HAL_Driver/Src/stm32l0xx_hal.c.obj
 .debug_line    0x0000000000006108      0x9b7 CMakeFiles/WaterLevelNode.dir/Drivers/STM32L0xx_HAL_Driver/Src/stm32l0xx_hal_rcc.c.obj
 .debug_line    0x0000000000006abf      0x8ab CMakeFiles/WaterLevelNode.dir/Drivers/STM32L0xx_HAL_Driver/Src/stm32l0xx_hal_rcc_ex.c.obj
 .debug_line    0x000000000000736a      0x87c CMakeFiles/WaterLevelNode.dir/Drivers/STM32L0xx_HAL_Driver/Src/stm32l0xx_hal_gpio.c.obj
 .debug_line    0x0000000000007be6      0x94d CMakeFiles/WaterLevelNode.dir/Drivers/STM32L0xx_HAL_Driver/Src/stm32l0xx_hal_cortex.c.obj
 .debug_line    0x0000000000008533     0x1ce8 CMakeFiles/WaterLevelNode.dir/Drivers/STM32L0xx_HAL_Driver/Src/stm32l0xx_hal_uart.c.obj
 .debug_line    0x000000000000a21b     0x1c6c CMakeFiles/WaterLevelNode.dir/Drivers/STM32L0xx_HAL_Driver/Src/stm32l0xx_hal_tim.c.obj
 .debug_line    0x000000000000be87      0x77d CMakeFiles/WaterLevelNode.dir/Drivers/STM32L0xx_HAL_Driver/Src/stm32l0xx_hal_tim_ex.c.obj
 .debug_line    0x000000000000c604      0x724 CMakeFiles/WaterLevelNode.dir/Core/Src/system_stm32l0xx.c.obj
 .debug_line    0x000000000000cd28       0xab CMakeFiles/WaterLevelNode.dir/startup_stm32l051xx.s.obj

.debug_str      0x0000000000000000    0x70837
 .debug_str     0x0000000000000000    0x6cdf7 CMakeFiles/WaterLevelNode.dir/Core/Src/main.c.obj
                                      0x6d1d3 (size before relaxing)
 .debug_str     0x000000000006cdf7      0x174 CMakeFiles/WaterLevelNode.dir/Core/Src/gpio.c.obj
                                      0x6c713 (size before relaxing)
 .debug_str     0x000000000006cf6b       0x7c CMakeFiles/WaterLevelNode.dir/Core/Src/i2c.c.obj
                                      0x6cbc7 (size before relaxing)
 .debug_str     0x000000000006cfe7       0x9d CMakeFiles/WaterLevelNode.dir/Core/Src/usart.c.obj
                                      0x6cb5a (size before relaxing)
 .debug_str     0x000000000006d084      0x151 CMakeFiles/WaterLevelNode.dir/Core/Src/tim.c.obj
                                      0x6ccbf (size before relaxing)
 .debug_str     0x000000000006d1d5       0xa7 CMakeFiles/WaterLevelNode.dir/Core/Src/stm32l0xx_it.c.obj
                                      0x6c635 (size before relaxing)
 .debug_str     0x000000000006d27c       0x5d CMakeFiles/WaterLevelNode.dir/Core/Src/stm32l0xx_hal_msp.c.obj
                                      0x6c683 (size before relaxing)
 .debug_str     0x000000000006d2d9      0xdf9 CMakeFiles/WaterLevelNode.dir/Drivers/STM32L0xx_HAL_Driver/Src/stm32l0xx_hal_i2c.c.obj
                                      0x6d69e (size before relaxing)
 .debug_str     0x000000000006e0d2      0x111 CMakeFiles/WaterLevelNode.dir/Drivers/STM32L0xx_HAL_Driver/Src/stm32l0xx_hal_i2c_ex.c.obj
                                      0x6c95d (size before relaxing)
 .debug_str     0x000000000006e1e3      0x522 CMakeFiles/WaterLevelNode.dir/Drivers/STM32L0xx_HAL_Driver/Src/stm32l0xx_hal.c.obj
                                      0x6ca26 (size before relaxing)
 .debug_str     0x000000000006e705      0x303 CMakeFiles/WaterLevelNode.dir/Drivers/STM32L0xx_HAL_Driver/Src/stm32l0xx_hal_rcc.c.obj
                                      0x6c89d (size before relaxing)
 .debug_str     0x000000000006ea08      0x188 CMakeFiles/WaterLevelNode.dir/Drivers/STM32L0xx_HAL_Driver/Src/stm32l0xx_hal_rcc_ex.c.obj
                                      0x6c5e6 (size before relaxing)
 .debug_str     0x000000000006eb90      0x14b CMakeFiles/WaterLevelNode.dir/Drivers/STM32L0xx_HAL_Driver/Src/stm32l0xx_hal_gpio.c.obj
                                      0x6c5b8 (size before relaxing)
 .debug_str     0x000000000006ecdb      0x31f CMakeFiles/WaterLevelNode.dir/Drivers/STM32L0xx_HAL_Driver/Src/stm32l0xx_hal_cortex.c.obj
                                      0x6c83b (size before relaxing)
 .debug_str     0x000000000006effa      0x8fd CMakeFiles/WaterLevelNode.dir/Drivers/STM32L0xx_HAL_Driver/Src/stm32l0xx_hal_uart.c.obj
                                      0x6d0de (size before relaxing)
 .debug_str     0x000000000006f8f7      0xda8 CMakeFiles/WaterLevelNode.dir/Drivers/STM32L0xx_HAL_Driver/Src/stm32l0xx_hal_tim.c.obj
                                      0x6d687 (size before relaxing)
 .debug_str     0x000000000007069f       0xae CMakeFiles/WaterLevelNode.dir/Drivers/STM32L0xx_HAL_Driver/Src/stm32l0xx_hal_tim_ex.c.obj
                                      0x6c85e (size before relaxing)
 .debug_str     0x000000000007074d       0x92 CMakeFiles/WaterLevelNode.dir/Core/Src/system_stm32l0xx.c.obj
                                      0x6c3ce (size before relaxing)
 .debug_str     0x00000000000707df       0x58 CMakeFiles/WaterLevelNode.dir/startup_stm32l051xx.s.obj
                                         0x98 (size before relaxing)

.comment        0x0000000000000000       0x7f
 .comment       0x0000000000000000       0x7f CMakeFiles/WaterLevelNode.dir/Core/Src/main.c.obj
                                         0x80 (size before relaxing)
 .comment       0x000000000000007f       0x80 CMakeFiles/WaterLevelNode.dir/Core/Src/gpio.c.obj
 .comment       0x000000000000007f       0x80 CMakeFiles/WaterLevelNode.dir/Core/Src/i2c.c.obj
 .comment       0x000000000000007f       0x80 CMakeFiles/WaterLevelNode.dir/Core/Src/usart.c.obj
 .comment       0x000000000000007f       0x80 CMakeFiles/WaterLevelNode.dir/Core/Src/tim.c.obj
 .comment       0x000000000000007f       0x80 CMakeFiles/WaterLevelNode.dir/Core/Src/stm32l0xx_it.c.obj
 .comment       0x000000000000007f       0x80 CMakeFiles/WaterLevelNode.dir/Core/Src/stm32l0xx_hal_msp.c.obj
 .comment       0x000000000000007f       0x80 CMakeFiles/WaterLevelNode.dir/Drivers/STM32L0xx_HAL_Driver/Src/stm32l0xx_hal_i2c.c.obj
 .comment       0x000000000000007f       0x80 CMakeFiles/WaterLevelNode.dir/Drivers/STM32L0xx_HAL_Driver/Src/stm32l0xx_hal_i2c_ex.c.obj
 .comment       0x000000000000007f       0x80 CMakeFiles/WaterLevelNode.dir/Drivers/STM32L0xx_HAL_Driver/Src/stm32l0xx_hal.c.obj
 .comment       0x000000000000007f       0x80 CMakeFiles/WaterLevelNode.dir/Drivers/STM32L0xx_HAL_Driver/Src/stm32l0xx_hal_rcc.c.obj
 .comment       0x000000000000007f       0x80 CMakeFiles/WaterLevelNode.dir/Drivers/STM32L0xx_HAL_Driver/Src/stm32l0xx_hal_rcc_ex.c.obj
 .comment       0x000000000000007f       0x80 CMakeFiles/WaterLevelNode.dir/Drivers/STM32L0xx_HAL_Driver/Src/stm32l0xx_hal_gpio.c.obj
 .comment       0x000000000000007f       0x80 CMakeFiles/WaterLevelNode.dir/Drivers/STM32L0xx_HAL_Driver/Src/stm32l0xx_hal_cortex.c.obj
 .comment       0x000000000000007f       0x80 CMakeFiles/WaterLevelNode.dir/Drivers/STM32L0xx_HAL_Driver/Src/stm32l0xx_hal_uart.c.obj
 .comment       0x000000000000007f       0x80 CMakeFiles/WaterLevelNode.dir/Drivers/STM32L0xx_HAL_Driver/Src/stm32l0xx_hal_tim.c.obj
 .comment       0x000000000000007f       0x80 CMakeFiles/WaterLevelNode.dir/Drivers/STM32L0xx_HAL_Driver/Src/stm32l0xx_hal_tim_ex.c.obj
 .comment       0x000000000000007f       0x80 CMakeFiles/WaterLevelNode.dir/Core/Src/system_stm32l0xx.c.obj
